n128-103-022:1565166:1565166 [0] NCCL INFO Bootstrap : Using eth0:10.128.103.22<0>
n128-103-022:1565166:1565166 [0] NCCL INFO NET/Plugin : No plugin found (libnccl-net.so), using internal implementation
n128-103-022:1565166:1565166 [0] NCCL INFO NCCL_IB_DISABLE set by environment to 0.
n128-103-022:1565166:1565166 [0] NCCL INFO NET/IB : Using [0]mlx5_2:1/RoCE ; OOB eth0:10.128.103.22<0>
n128-103-022:1565166:1565166 [0] NCCL INFO Using network IB
NCCL version 2.10.3+cuda11.3
n128-103-022:1565169:1565169 [3] NCCL INFO Bootstrap : Using eth0:10.128.103.22<0>
n128-103-022:1565173:1565173 [7] NCCL INFO Bootstrap : Using eth0:10.128.103.22<0>
n128-103-022:1565169:1565169 [3] NCCL INFO NET/Plugin : No plugin found (libnccl-net.so), using internal implementation
n128-103-022:1565168:1565168 [2] NCCL INFO Bootstrap : Using eth0:10.128.103.22<0>
n128-103-022:1565170:1565170 [4] NCCL INFO Bootstrap : Using eth0:10.128.103.22<0>
n128-103-022:1565173:1565173 [7] NCCL INFO NET/Plugin : No plugin found (libnccl-net.so), using internal implementation
n128-103-022:1565172:1565172 [6] NCCL INFO Bootstrap : Using eth0:10.128.103.22<0>
n128-103-022:1565167:1565167 [1] NCCL INFO Bootstrap : Using eth0:10.128.103.22<0>
n128-103-022:1565170:1565170 [4] NCCL INFO NET/Plugin : No plugin found (libnccl-net.so), using internal implementation
n128-103-022:1565172:1565172 [6] NCCL INFO NET/Plugin : No plugin found (libnccl-net.so), using internal implementation
n128-103-022:1565168:1565168 [2] NCCL INFO NET/Plugin : No plugin found (libnccl-net.so), using internal implementation
n128-103-022:1565167:1565167 [1] NCCL INFO NET/Plugin : No plugin found (libnccl-net.so), using internal implementation
n128-103-022:1565169:1565169 [3] NCCL INFO NCCL_IB_DISABLE set by environment to 0.
n128-103-022:1565173:1565173 [7] NCCL INFO NCCL_IB_DISABLE set by environment to 0.
n128-103-022:1565170:1565170 [4] NCCL INFO NCCL_IB_DISABLE set by environment to 0.
n128-103-022:1565172:1565172 [6] NCCL INFO NCCL_IB_DISABLE set by environment to 0.
n128-103-022:1565167:1565167 [1] NCCL INFO NCCL_IB_DISABLE set by environment to 0.
n128-103-022:1565168:1565168 [2] NCCL INFO NCCL_IB_DISABLE set by environment to 0.
n128-103-022:1565170:1565170 [4] NCCL INFO NET/IB : Using [0]mlx5_2:1/RoCE ; OOB eth0:10.128.103.22<0>
n128-103-022:1565170:1565170 [4] NCCL INFO Using network IB
n128-103-022:1565168:1565168 [2] NCCL INFO NET/IB : Using [0]mlx5_2:1/RoCE ; OOB eth0:10.128.103.22<0>
n128-103-022:1565168:1565168 [2] NCCL INFO Using network IB
n128-103-022:1565173:1565173 [7] NCCL INFO NET/IB : Using [0]mlx5_2:1/RoCE ; OOB eth0:10.128.103.22<0>
n128-103-022:1565173:1565173 [7] NCCL INFO Using network IB
n128-103-022:1565167:1565167 [1] NCCL INFO NET/IB : Using [0]mlx5_2:1/RoCE ; OOB eth0:10.128.103.22<0>
n128-103-022:1565167:1565167 [1] NCCL INFO Using network IB
n128-103-022:1565172:1565172 [6] NCCL INFO NET/IB : Using [0]mlx5_2:1/RoCE ; OOB eth0:10.128.103.22<0>
n128-103-022:1565172:1565172 [6] NCCL INFO Using network IB
n128-103-022:1565169:1565169 [3] NCCL INFO NET/IB : Using [0]mlx5_2:1/RoCE ; OOB eth0:10.128.103.22<0>
n128-103-022:1565169:1565169 [3] NCCL INFO Using network IB
n128-103-022:1565171:1565171 [5] NCCL INFO Bootstrap : Using eth0:10.128.103.22<0>
n128-103-022:1565171:1565171 [5] NCCL INFO NET/Plugin : No plugin found (libnccl-net.so), using internal implementation
n128-103-022:1565171:1565171 [5] NCCL INFO NCCL_IB_DISABLE set by environment to 0.
n128-103-022:1565171:1565171 [5] NCCL INFO NET/IB : Using [0]mlx5_2:1/RoCE ; OOB eth0:10.128.103.22<0>
n128-103-022:1565171:1565171 [5] NCCL INFO Using network IB
n128-103-022:1565172:1565576 [6] NCCL INFO NCCL_IB_GID_INDEX set by environment to 3.
n128-103-022:1565167:1565575 [1] NCCL INFO NCCL_IB_GID_INDEX set by environment to 3.
n128-103-022:1565173:1565574 [7] NCCL INFO NCCL_IB_GID_INDEX set by environment to 3.
n128-103-022:1565171:1565579 [5] NCCL INFO NCCL_IB_GID_INDEX set by environment to 3.
n128-103-022:1565168:1565573 [2] NCCL INFO NCCL_IB_GID_INDEX set by environment to 3.
n128-103-022:1565166:1565565 [0] NCCL INFO NCCL_IB_GID_INDEX set by environment to 3.
n128-103-022:1565169:1565577 [3] NCCL INFO NCCL_IB_GID_INDEX set by environment to 3.
n128-103-022:1565170:1565572 [4] NCCL INFO NCCL_IB_GID_INDEX set by environment to 3.
n128-103-022:1565166:1565565 [0] NCCL INFO NCCL_IB_TIMEOUT set by environment to 23.
n128-103-022:1565166:1565565 [0] NCCL INFO NCCL_IB_RETRY_CNT set by environment to 7.
n128-103-022:1565169:1565577 [3] NCCL INFO NCCL_IB_TIMEOUT set by environment to 23.
n128-103-022:1565168:1565573 [2] NCCL INFO NCCL_IB_TIMEOUT set by environment to 23.
n128-103-022:1565169:1565577 [3] NCCL INFO NCCL_IB_RETRY_CNT set by environment to 7.
n128-103-022:1565168:1565573 [2] NCCL INFO NCCL_IB_RETRY_CNT set by environment to 7.
n128-103-022:1565171:1565579 [5] NCCL INFO NCCL_IB_TIMEOUT set by environment to 23.
n128-103-022:1565171:1565579 [5] NCCL INFO NCCL_IB_RETRY_CNT set by environment to 7.
n128-103-022:1565170:1565572 [4] NCCL INFO NCCL_IB_TIMEOUT set by environment to 23.
n128-103-022:1565173:1565574 [7] NCCL INFO NCCL_IB_TIMEOUT set by environment to 23.
n128-103-022:1565170:1565572 [4] NCCL INFO NCCL_IB_RETRY_CNT set by environment to 7.
n128-103-022:1565173:1565574 [7] NCCL INFO NCCL_IB_RETRY_CNT set by environment to 7.
n128-103-022:1565167:1565575 [1] NCCL INFO NCCL_IB_TIMEOUT set by environment to 23.
n128-103-022:1565167:1565575 [1] NCCL INFO NCCL_IB_RETRY_CNT set by environment to 7.
n128-103-022:1565172:1565576 [6] NCCL INFO NCCL_IB_TIMEOUT set by environment to 23.
n128-103-022:1565172:1565576 [6] NCCL INFO NCCL_IB_RETRY_CNT set by environment to 7.
n128-103-022:1565169:1565577 [3] NCCL INFO Trees [0] 4/-1/-1->3->2 [1] 1/-1/-1->3->2 [2] -1/-1/-1->3->1 [3] 2/-1/-1->3->1 [4] 2/-1/-1->3->4 [5] 1/-1/-1->3->0 [6] 4/-1/-1->3->2 [7] 1/-1/-1->3->2 [8] -1/-1/-1->3->1 [9] 2/-1/-1->3->1 [10] 2/-1/-1->3->4 [11] 1/-1/-1->3->0
n128-103-022:1565171:1565579 [5] NCCL INFO Trees [0] 6/-1/-1->5->4 [1] 7/-1/-1->5->4 [2] 7/-1/-1->5->2 [3] 4/-1/-1->5->7 [4] 4/-1/-1->5->7 [5] 2/-1/-1->5->6 [6] 6/-1/-1->5->4 [7] 7/-1/-1->5->4 [8] 7/-1/-1->5->2 [9] 4/-1/-1->5->7 [10] 4/-1/-1->5->7 [11] 2/-1/-1->5->6
n128-103-022:1565170:1565572 [4] NCCL INFO Trees [0] 5/-1/-1->4->3 [1] 5/-1/-1->4->6 [2] 6/-1/-1->4->7 [3] 6/-1/-1->4->5 [4] 3/-1/-1->4->5 [5] 7/-1/-1->4->-1 [6] 5/-1/-1->4->3 [7] 5/-1/-1->4->6 [8] 6/-1/-1->4->7 [9] 6/-1/-1->4->5 [10] 3/-1/-1->4->5 [11] 7/-1/-1->4->-1
n128-103-022:1565169:1565577 [3] NCCL INFO Setting affinity for GPU 3 to ff,ffff0000,00ffffff
n128-103-022:1565171:1565579 [5] NCCL INFO Setting affinity for GPU 5 to ffffff00,0000ffff,ff000000
n128-103-022:1565170:1565572 [4] NCCL INFO Setting affinity for GPU 4 to ffffff00,0000ffff,ff000000
n128-103-022:1565172:1565576 [6] NCCL INFO Trees [0] 7/-1/-1->6->5 [1] 4/-1/-1->6->1 [2] 1/-1/-1->6->4 [3] 1/-1/-1->6->4 [4] -1/-1/-1->6->1 [5] 5/-1/-1->6->7 [6] 7/-1/-1->6->5 [7] 4/-1/-1->6->1 [8] 1/-1/-1->6->4 [9] 1/-1/-1->6->4 [10] -1/-1/-1->6->1 [11] 5/-1/-1->6->7
n128-103-022:1565172:1565576 [6] NCCL INFO Setting affinity for GPU 6 to ffffff00,0000ffff,ff000000
n128-103-022:1565173:1565574 [7] NCCL INFO Trees [0] -1/-1/-1->7->6 [1] -1/-1/-1->7->5 [2] 4/-1/-1->7->5 [3] 5/-1/-1->7->0 [4] 5/-1/-1->7->0 [5] 6/-1/-1->7->4 [6] -1/-1/-1->7->6 [7] -1/-1/-1->7->5 [8] 4/-1/-1->7->5 [9] 5/-1/-1->7->0 [10] 5/-1/-1->7->0 [11] 6/-1/-1->7->4
n128-103-022:1565166:1565565 [0] NCCL INFO Channel 00/12 :    0   1   2   3   4   5   6   7
n128-103-022:1565173:1565574 [7] NCCL INFO Setting affinity for GPU 7 to ffffff00,0000ffff,ff000000
n128-103-022:1565166:1565565 [0] NCCL INFO Channel 01/12 :    0   2   3   1   6   4   5   7
n128-103-022:1565166:1565565 [0] NCCL INFO Channel 02/12 :    0   2   5   7   4   6   1   3
n128-103-022:1565166:1565565 [0] NCCL INFO Channel 03/12 :    0   7   5   4   6   1   3   2
n128-103-022:1565166:1565565 [0] NCCL INFO Channel 04/12 :    0   7   6   5   4   3   2   1
n128-103-022:1565166:1565565 [0] NCCL INFO Channel 05/12 :    0   3   1   6   4   7   5   2
n128-103-022:1565166:1565565 [0] NCCL INFO Channel 06/12 :    0   1   2   3   4   5   6   7
n128-103-022:1565167:1565575 [1] NCCL INFO Trees [0] 2/-1/-1->1->0 [1] 6/-1/-1->1->3 [2] 3/-1/-1->1->6 [3] 3/-1/-1->1->6 [4] 6/-1/-1->1->2 [5] -1/-1/-1->1->3 [6] 2/-1/-1->1->0 [7] 6/-1/-1->1->3 [8] 3/-1/-1->1->6 [9] 3/-1/-1->1->6 [10] 6/-1/-1->1->2 [11] -1/-1/-1->1->3
n128-103-022:1565166:1565565 [0] NCCL INFO Channel 07/12 :    0   2   3   1   6   4   5   7
n128-103-022:1565168:1565573 [2] NCCL INFO Trees [0] 3/-1/-1->2->1 [1] 3/-1/-1->2->0 [2] 5/-1/-1->2->0 [3] -1/-1/-1->2->3 [4] 1/-1/-1->2->3 [5] 0/-1/-1->2->5 [6] 3/-1/-1->2->1 [7] 3/-1/-1->2->0 [8] 5/-1/-1->2->0 [9] -1/-1/-1->2->3 [10] 1/-1/-1->2->3 [11] 0/-1/-1->2->5
n128-103-022:1565166:1565565 [0] NCCL INFO Channel 08/12 :    0   2   5   7   4   6   1   3
n128-103-022:1565167:1565575 [1] NCCL INFO Setting affinity for GPU 1 to ff,ffff0000,00ffffff
n128-103-022:1565166:1565565 [0] NCCL INFO Channel 09/12 :    0   7   5   4   6   1   3   2
n128-103-022:1565168:1565573 [2] NCCL INFO Setting affinity for GPU 2 to ff,ffff0000,00ffffff
n128-103-022:1565166:1565565 [0] NCCL INFO Channel 10/12 :    0   7   6   5   4   3   2   1
n128-103-022:1565166:1565565 [0] NCCL INFO Channel 11/12 :    0   3   1   6   4   7   5   2
n128-103-022:1565166:1565565 [0] NCCL INFO Trees [0] 1/-1/-1->0->-1 [1] 2/-1/-1->0->-1 [2] 2/-1/-1->0->-1 [3] 7/-1/-1->0->-1 [4] 7/-1/-1->0->-1 [5] 3/-1/-1->0->2 [6] 1/-1/-1->0->-1 [7] 2/-1/-1->0->-1 [8] 2/-1/-1->0->-1 [9] 7/-1/-1->0->-1 [10] 7/-1/-1->0->-1 [11] 3/-1/-1->0->2
n128-103-022:1565166:1565565 [0] NCCL INFO Setting affinity for GPU 0 to ff,ffff0000,00ffffff
n128-103-022:1565170:1565572 [4] NCCL INFO Channel 00 : 4[88000] -> 5[89000] via P2P/IPC
n128-103-022:1565172:1565576 [6] NCCL INFO Channel 00 : 6[b1000] -> 7[b2000] via P2P/IPC
n128-103-022:1565173:1565574 [7] NCCL INFO Channel 00 : 7[b2000] -> 0[1a000] via P2P/IPC
n128-103-022:1565167:1565575 [1] NCCL INFO Channel 00 : 1[1b000] -> 2[3d000] via P2P/IPC
n128-103-022:1565170:1565572 [4] NCCL INFO Channel 01 : 4[88000] -> 5[89000] via P2P/IPC
n128-103-022:1565172:1565576 [6] NCCL INFO Channel 06 : 6[b1000] -> 7[b2000] via P2P/IPC
n128-103-022:1565168:1565573 [2] NCCL INFO Channel 00 : 2[3d000] -> 3[3e000] via P2P/IPC
n128-103-022:1565173:1565574 [7] NCCL INFO Channel 01 : 7[b2000] -> 0[1a000] via P2P/IPC
n128-103-022:1565167:1565575 [1] NCCL INFO Channel 06 : 1[1b000] -> 2[3d000] via P2P/IPC
n128-103-022:1565170:1565572 [4] NCCL INFO Channel 06 : 4[88000] -> 5[89000] via P2P/IPC
n128-103-022:1565168:1565573 [2] NCCL INFO Channel 01 : 2[3d000] -> 3[3e000] via P2P/IPC
n128-103-022:1565173:1565574 [7] NCCL INFO Channel 06 : 7[b2000] -> 0[1a000] via P2P/IPC
n128-103-022:1565166:1565565 [0] NCCL INFO Channel 00 : 0[1a000] -> 1[1b000] via P2P/IPC
n128-103-022:1565170:1565572 [4] NCCL INFO Channel 07 : 4[88000] -> 5[89000] via P2P/IPC
n128-103-022:1565171:1565579 [5] NCCL INFO Channel 00 : 5[89000] -> 6[b1000] via P2P/IPC
n128-103-022:1565168:1565573 [2] NCCL INFO Channel 06 : 2[3d000] -> 3[3e000] via P2P/IPC
n128-103-022:1565173:1565574 [7] NCCL INFO Channel 07 : 7[b2000] -> 0[1a000] via P2P/IPC
n128-103-022:1565166:1565565 [0] NCCL INFO Channel 06 : 0[1a000] -> 1[1b000] via P2P/IPC
n128-103-022:1565171:1565579 [5] NCCL INFO Channel 06 : 5[89000] -> 6[b1000] via P2P/IPC
n128-103-022:1565168:1565573 [2] NCCL INFO Channel 07 : 2[3d000] -> 3[3e000] via P2P/IPC
n128-103-022:1565169:1565577 [3] NCCL INFO Channel 00 : 3[3e000] -> 4[88000] via P2P/IPC
n128-103-022:1565169:1565577 [3] NCCL INFO Channel 06 : 3[3e000] -> 4[88000] via P2P/IPC
n128-103-022:1565167:1565575 [1] NCCL INFO Channel 02 : 1[1b000] -> 3[3e000] via P2P/IPC
n128-103-022:1565167:1565575 [1] NCCL INFO Channel 03 : 1[1b000] -> 3[3e000] via P2P/IPC
n128-103-022:1565166:1565565 [0] NCCL INFO Channel 01 : 0[1a000] -> 2[3d000] via P2P/IPC
n128-103-022:1565171:1565579 [5] NCCL INFO Channel 01 : 5[89000] -> 7[b2000] via P2P/IPC
n128-103-022:1565167:1565575 [1] NCCL INFO Channel 08 : 1[1b000] -> 3[3e000] via P2P/IPC
n128-103-022:1565166:1565565 [0] NCCL INFO Channel 02 : 0[1a000] -> 2[3d000] via P2P/IPC
n128-103-022:1565171:1565579 [5] NCCL INFO Channel 02 : 5[89000] -> 7[b2000] via P2P/IPC
n128-103-022:1565170:1565572 [4] NCCL INFO Channel 02 : 4[88000] -> 6[b1000] via P2P/IPC
n128-103-022:1565167:1565575 [1] NCCL INFO Channel 09 : 1[1b000] -> 3[3e000] via P2P/IPC
n128-103-022:1565166:1565565 [0] NCCL INFO Channel 07 : 0[1a000] -> 2[3d000] via P2P/IPC
n128-103-022:1565171:1565579 [5] NCCL INFO Channel 07 : 5[89000] -> 7[b2000] via P2P/IPC
n128-103-022:1565170:1565572 [4] NCCL INFO Channel 03 : 4[88000] -> 6[b1000] via P2P/IPC
n128-103-022:1565166:1565565 [0] NCCL INFO Channel 08 : 0[1a000] -> 2[3d000] via P2P/IPC
n128-103-022:1565171:1565579 [5] NCCL INFO Channel 08 : 5[89000] -> 7[b2000] via P2P/IPC
n128-103-022:1565170:1565572 [4] NCCL INFO Channel 08 : 4[88000] -> 6[b1000] via P2P/IPC
n128-103-022:1565170:1565572 [4] NCCL INFO Channel 09 : 4[88000] -> 6[b1000] via P2P/IPC
n128-103-022:1565166:1565565 [0] NCCL INFO Channel 05 : 0[1a000] -> 3[3e000] via P2P/IPC
n128-103-022:1565168:1565573 [2] NCCL INFO Channel 02 : 2[3d000] -> 5[89000] via P2P/IPC
n128-103-022:1565172:1565576 [6] NCCL INFO Channel 02 : 6[b1000] -> 1[1b000] via P2P/IPC
n128-103-022:1565170:1565572 [4] NCCL INFO Channel 05 : 4[88000] -> 7[b2000] via P2P/IPC
n128-103-022:1565166:1565565 [0] NCCL INFO Channel 11 : 0[1a000] -> 3[3e000] via P2P/IPC
n128-103-022:1565168:1565573 [2] NCCL INFO Channel 08 : 2[3d000] -> 5[89000] via P2P/IPC
n128-103-022:1565172:1565576 [6] NCCL INFO Channel 03 : 6[b1000] -> 1[1b000] via P2P/IPC
n128-103-022:1565170:1565572 [4] NCCL INFO Channel 11 : 4[88000] -> 7[b2000] via P2P/IPC
n128-103-022:1565172:1565576 [6] NCCL INFO Channel 08 : 6[b1000] -> 1[1b000] via P2P/IPC
n128-103-022:1565172:1565576 [6] NCCL INFO Channel 09 : 6[b1000] -> 1[1b000] via P2P/IPC
n128-103-022:1565171:1565579 [5] NCCL INFO Channel 05 : 5[89000] -> 2[3d000] via P2P/IPC
n128-103-022:1565169:1565577 [3] NCCL INFO Channel 02 : 3[3e000] -> 0[1a000] via P2P/IPC
n128-103-022:1565173:1565574 [7] NCCL INFO Channel 02 : 7[b2000] -> 4[88000] via P2P/IPC
n128-103-022:1565171:1565579 [5] NCCL INFO Channel 11 : 5[89000] -> 2[3d000] via P2P/IPC
n128-103-022:1565169:1565577 [3] NCCL INFO Channel 08 : 3[3e000] -> 0[1a000] via P2P/IPC
n128-103-022:1565173:1565574 [7] NCCL INFO Channel 08 : 7[b2000] -> 4[88000] via P2P/IPC
n128-103-022:1565168:1565573 [2] NCCL INFO Channel 03 : 2[3d000] -> 0[1a000] via P2P/IPC
n128-103-022:1565169:1565577 [3] NCCL INFO Channel 01 : 3[3e000] -> 1[1b000] via P2P/IPC
n128-103-022:1565167:1565575 [1] NCCL INFO Channel 01 : 1[1b000] -> 6[b1000] via P2P/IPC
n128-103-022:1565173:1565574 [7] NCCL INFO Channel 03 : 7[b2000] -> 5[89000] via P2P/IPC
n128-103-022:1565168:1565573 [2] NCCL INFO Channel 05 : 2[3d000] -> 0[1a000] via P2P/IPC
n128-103-022:1565169:1565577 [3] NCCL INFO Channel 05 : 3[3e000] -> 1[1b000] via P2P/IPC
n128-103-022:1565167:1565575 [1] NCCL INFO Channel 05 : 1[1b000] -> 6[b1000] via P2P/IPC
n128-103-022:1565173:1565574 [7] NCCL INFO Channel 05 : 7[b2000] -> 5[89000] via P2P/IPC
n128-103-022:1565168:1565573 [2] NCCL INFO Channel 09 : 2[3d000] -> 0[1a000] via P2P/IPC
n128-103-022:1565169:1565577 [3] NCCL INFO Channel 07 : 3[3e000] -> 1[1b000] via P2P/IPC
n128-103-022:1565167:1565575 [1] NCCL INFO Channel 07 : 1[1b000] -> 6[b1000] via P2P/IPC
n128-103-022:1565173:1565574 [7] NCCL INFO Channel 09 : 7[b2000] -> 5[89000] via P2P/IPC
n128-103-022:1565168:1565573 [2] NCCL INFO Channel 11 : 2[3d000] -> 0[1a000] via P2P/IPC
n128-103-022:1565169:1565577 [3] NCCL INFO Channel 11 : 3[3e000] -> 1[1b000] via P2P/IPC
n128-103-022:1565167:1565575 [1] NCCL INFO Channel 11 : 1[1b000] -> 6[b1000] via P2P/IPC
n128-103-022:1565173:1565574 [7] NCCL INFO Channel 11 : 7[b2000] -> 5[89000] via P2P/IPC
n128-103-022:1565172:1565576 [6] NCCL INFO Channel 01 : 6[b1000] -> 4[88000] via P2P/IPC
n128-103-022:1565172:1565576 [6] NCCL INFO Channel 05 : 6[b1000] -> 4[88000] via P2P/IPC
n128-103-022:1565166:1565565 [0] NCCL INFO Channel 03 : 0[1a000] -> 7[b2000] via P2P/IPC
n128-103-022:1565172:1565576 [6] NCCL INFO Channel 07 : 6[b1000] -> 4[88000] via P2P/IPC
n128-103-022:1565171:1565579 [5] NCCL INFO Channel 03 : 5[89000] -> 4[88000] via P2P/IPC
n128-103-022:1565166:1565565 [0] NCCL INFO Channel 04 : 0[1a000] -> 7[b2000] via P2P/IPC
n128-103-022:1565172:1565576 [6] NCCL INFO Channel 11 : 6[b1000] -> 4[88000] via P2P/IPC
n128-103-022:1565171:1565579 [5] NCCL INFO Channel 04 : 5[89000] -> 4[88000] via P2P/IPC
n128-103-022:1565168:1565573 [2] NCCL INFO Channel 04 : 2[3d000] -> 1[1b000] via P2P/IPC
n128-103-022:1565166:1565565 [0] NCCL INFO Channel 09 : 0[1a000] -> 7[b2000] via P2P/IPC
n128-103-022:1565173:1565574 [7] NCCL INFO Channel 04 : 7[b2000] -> 6[b1000] via P2P/IPC
n128-103-022:1565171:1565579 [5] NCCL INFO Channel 09 : 5[89000] -> 4[88000] via P2P/IPC
n128-103-022:1565168:1565573 [2] NCCL INFO Channel 10 : 2[3d000] -> 1[1b000] via P2P/IPC
n128-103-022:1565166:1565565 [0] NCCL INFO Channel 10 : 0[1a000] -> 7[b2000] via P2P/IPC
n128-103-022:1565173:1565574 [7] NCCL INFO Channel 10 : 7[b2000] -> 6[b1000] via P2P/IPC
n128-103-022:1565171:1565579 [5] NCCL INFO Channel 10 : 5[89000] -> 4[88000] via P2P/IPC
n128-103-022:1565172:1565576 [6] NCCL INFO Channel 04 : 6[b1000] -> 5[89000] via P2P/IPC
n128-103-022:1565167:1565575 [1] NCCL INFO Channel 04 : 1[1b000] -> 0[1a000] via P2P/IPC
n128-103-022:1565169:1565577 [3] NCCL INFO Channel 03 : 3[3e000] -> 2[3d000] via P2P/IPC
n128-103-022:1565172:1565576 [6] NCCL INFO Channel 10 : 6[b1000] -> 5[89000] via P2P/IPC
n128-103-022:1565167:1565575 [1] NCCL INFO Channel 10 : 1[1b000] -> 0[1a000] via P2P/IPC
n128-103-022:1565169:1565577 [3] NCCL INFO Channel 04 : 3[3e000] -> 2[3d000] via P2P/IPC
n128-103-022:1565170:1565572 [4] NCCL INFO Channel 04 : 4[88000] -> 3[3e000] via P2P/IPC
n128-103-022:1565169:1565577 [3] NCCL INFO Channel 09 : 3[3e000] -> 2[3d000] via P2P/IPC
n128-103-022:1565170:1565572 [4] NCCL INFO Channel 10 : 4[88000] -> 3[3e000] via P2P/IPC
n128-103-022:1565169:1565577 [3] NCCL INFO Channel 10 : 3[3e000] -> 2[3d000] via P2P/IPC
n128-103-022:1565172:1565576 [6] NCCL INFO Connected all rings
n128-103-022:1565167:1565575 [1] NCCL INFO Connected all rings
n128-103-022:1565173:1565574 [7] NCCL INFO Connected all rings
n128-103-022:1565167:1565575 [1] NCCL INFO Channel 04 : 1[1b000] -> 2[3d000] via P2P/IPC
n128-103-022:1565166:1565565 [0] NCCL INFO Connected all rings
n128-103-022:1565167:1565575 [1] NCCL INFO Channel 10 : 1[1b000] -> 2[3d000] via P2P/IPC
n128-103-022:1565171:1565579 [5] NCCL INFO Connected all rings
n128-103-022:1565172:1565576 [6] NCCL INFO Channel 05 : 6[b1000] -> 7[b2000] via P2P/IPC
n128-103-022:1565170:1565572 [4] NCCL INFO Connected all rings
n128-103-022:1565168:1565573 [2] NCCL INFO Connected all rings
n128-103-022:1565169:1565577 [3] NCCL INFO Connected all rings
n128-103-022:1565172:1565576 [6] NCCL INFO Channel 11 : 6[b1000] -> 7[b2000] via P2P/IPC
n128-103-022:1565173:1565574 [7] NCCL INFO Channel 03 : 7[b2000] -> 0[1a000] via P2P/IPC
n128-103-022:1565173:1565574 [7] NCCL INFO Channel 04 : 7[b2000] -> 0[1a000] via P2P/IPC
n128-103-022:1565170:1565572 [4] NCCL INFO Channel 03 : 4[88000] -> 5[89000] via P2P/IPC
n128-103-022:1565168:1565573 [2] NCCL INFO Channel 03 : 2[3d000] -> 3[3e000] via P2P/IPC
n128-103-022:1565173:1565574 [7] NCCL INFO Channel 09 : 7[b2000] -> 0[1a000] via P2P/IPC
n128-103-022:1565170:1565572 [4] NCCL INFO Channel 04 : 4[88000] -> 5[89000] via P2P/IPC
n128-103-022:1565168:1565573 [2] NCCL INFO Channel 04 : 2[3d000] -> 3[3e000] via P2P/IPC
n128-103-022:1565173:1565574 [7] NCCL INFO Channel 10 : 7[b2000] -> 0[1a000] via P2P/IPC
n128-103-022:1565171:1565579 [5] NCCL INFO Channel 05 : 5[89000] -> 6[b1000] via P2P/IPC
n128-103-022:1565170:1565572 [4] NCCL INFO Channel 09 : 4[88000] -> 5[89000] via P2P/IPC
n128-103-022:1565169:1565577 [3] NCCL INFO Channel 04 : 3[3e000] -> 4[88000] via P2P/IPC
n128-103-022:1565168:1565573 [2] NCCL INFO Channel 09 : 2[3d000] -> 3[3e000] via P2P/IPC
n128-103-022:1565171:1565579 [5] NCCL INFO Channel 11 : 5[89000] -> 6[b1000] via P2P/IPC
n128-103-022:1565170:1565572 [4] NCCL INFO Channel 10 : 4[88000] -> 5[89000] via P2P/IPC
n128-103-022:1565169:1565577 [3] NCCL INFO Channel 10 : 3[3e000] -> 4[88000] via P2P/IPC
n128-103-022:1565168:1565573 [2] NCCL INFO Channel 10 : 2[3d000] -> 3[3e000] via P2P/IPC
n128-103-022:1565166:1565565 [0] NCCL INFO Channel 05 : 0[1a000] -> 2[3d000] via P2P/IPC
n128-103-022:1565167:1565575 [1] NCCL INFO Channel 01 : 1[1b000] -> 3[3e000] via P2P/IPC
n128-103-022:1565166:1565565 [0] NCCL INFO Channel 11 : 0[1a000] -> 2[3d000] via P2P/IPC
n128-103-022:1565167:1565575 [1] NCCL INFO Channel 05 : 1[1b000] -> 3[3e000] via P2P/IPC
n128-103-022:1565167:1565575 [1] NCCL INFO Channel 07 : 1[1b000] -> 3[3e000] via P2P/IPC
n128-103-022:1565171:1565579 [5] NCCL INFO Channel 03 : 5[89000] -> 7[b2000] via P2P/IPC
n128-103-022:1565170:1565572 [4] NCCL INFO Channel 01 : 4[88000] -> 6[b1000] via P2P/IPC
n128-103-022:1565167:1565575 [1] NCCL INFO Channel 11 : 1[1b000] -> 3[3e000] via P2P/IPC
n128-103-022:1565171:1565579 [5] NCCL INFO Channel 04 : 5[89000] -> 7[b2000] via P2P/IPC
n128-103-022:1565170:1565572 [4] NCCL INFO Channel 07 : 4[88000] -> 6[b1000] via P2P/IPC
n128-103-022:1565171:1565579 [5] NCCL INFO Channel 09 : 5[89000] -> 7[b2000] via P2P/IPC
n128-103-022:1565171:1565579 [5] NCCL INFO Channel 10 : 5[89000] -> 7[b2000] via P2P/IPC
n128-103-022:1565172:1565576 [6] NCCL INFO Channel 01 : 6[b1000] -> 1[1b000] via P2P/IPC
n128-103-022:1565170:1565572 [4] NCCL INFO Channel 02 : 4[88000] -> 7[b2000] via P2P/IPC
n128-103-022:1565168:1565573 [2] NCCL INFO Channel 05 : 2[3d000] -> 5[89000] via P2P/IPC
n128-103-022:1565172:1565576 [6] NCCL INFO Channel 04 : 6[b1000] -> 1[1b000] via P2P/IPC
n128-103-022:1565170:1565572 [4] NCCL INFO Channel 08 : 4[88000] -> 7[b2000] via P2P/IPC
n128-103-022:1565168:1565573 [2] NCCL INFO Channel 11 : 2[3d000] -> 5[89000] via P2P/IPC
n128-103-022:1565172:1565576 [6] NCCL INFO Channel 07 : 6[b1000] -> 1[1b000] via P2P/IPC
n128-103-022:1565172:1565576 [6] NCCL INFO Channel 10 : 6[b1000] -> 1[1b000] via P2P/IPC
n128-103-022:1565169:1565577 [3] NCCL INFO Channel 05 : 3[3e000] -> 0[1a000] via P2P/IPC
n128-103-022:1565169:1565577 [3] NCCL INFO Channel 11 : 3[3e000] -> 0[1a000] via P2P/IPC
n128-103-022:1565173:1565574 [7] NCCL INFO Channel 05 : 7[b2000] -> 4[88000] via P2P/IPC
n128-103-022:1565171:1565579 [5] NCCL INFO Channel 02 : 5[89000] -> 2[3d000] via P2P/IPC
n128-103-022:1565169:1565577 [3] NCCL INFO Channel 02 : 3[3e000] -> 1[1b000] via P2P/IPC
n128-103-022:1565171:1565579 [5] NCCL INFO Channel 08 : 5[89000] -> 2[3d000] via P2P/IPC
n128-103-022:1565173:1565574 [7] NCCL INFO Channel 11 : 7[b2000] -> 4[88000] via P2P/IPC
n128-103-022:1565169:1565577 [3] NCCL INFO Channel 03 : 3[3e000] -> 1[1b000] via P2P/IPC
n128-103-022:1565169:1565577 [3] NCCL INFO Channel 08 : 3[3e000] -> 1[1b000] via P2P/IPC
n128-103-022:1565169:1565577 [3] NCCL INFO Channel 09 : 3[3e000] -> 1[1b000] via P2P/IPC
n128-103-022:1565167:1565575 [1] NCCL INFO Channel 02 : 1[1b000] -> 6[b1000] via P2P/IPC
n128-103-022:1565168:1565573 [2] NCCL INFO Channel 01 : 2[3d000] -> 0[1a000] via P2P/IPC
n128-103-022:1565173:1565574 [7] NCCL INFO Channel 01 : 7[b2000] -> 5[89000] via P2P/IPC
n128-103-022:1565167:1565575 [1] NCCL INFO Channel 03 : 1[1b000] -> 6[b1000] via P2P/IPC
n128-103-022:1565168:1565573 [2] NCCL INFO Channel 02 : 2[3d000] -> 0[1a000] via P2P/IPC
n128-103-022:1565173:1565574 [7] NCCL INFO Channel 02 : 7[b2000] -> 5[89000] via P2P/IPC
n128-103-022:1565167:1565575 [1] NCCL INFO Channel 04 : 1[1b000] -> 6[b1000] via P2P/IPC
n128-103-022:1565168:1565573 [2] NCCL INFO Channel 07 : 2[3d000] -> 0[1a000] via P2P/IPC
n128-103-022:1565173:1565574 [7] NCCL INFO Channel 04 : 7[b2000] -> 5[89000] via P2P/IPC
n128-103-022:1565167:1565575 [1] NCCL INFO Channel 08 : 1[1b000] -> 6[b1000] via P2P/IPC
n128-103-022:1565168:1565573 [2] NCCL INFO Channel 08 : 2[3d000] -> 0[1a000] via P2P/IPC
n128-103-022:1565173:1565574 [7] NCCL INFO Channel 07 : 7[b2000] -> 5[89000] via P2P/IPC
n128-103-022:1565167:1565575 [1] NCCL INFO Channel 09 : 1[1b000] -> 6[b1000] via P2P/IPC
n128-103-022:1565173:1565574 [7] NCCL INFO Channel 08 : 7[b2000] -> 5[89000] via P2P/IPC
n128-103-022:1565167:1565575 [1] NCCL INFO Channel 10 : 1[1b000] -> 6[b1000] via P2P/IPC
n128-103-022:1565173:1565574 [7] NCCL INFO Channel 10 : 7[b2000] -> 5[89000] via P2P/IPC
n128-103-022:1565172:1565576 [6] NCCL INFO Channel 02 : 6[b1000] -> 4[88000] via P2P/IPC
n128-103-022:1565173:1565574 [7] NCCL INFO Channel 00 : 7[b2000] -> 6[b1000] via P2P/IPC
n128-103-022:1565172:1565576 [6] NCCL INFO Channel 03 : 6[b1000] -> 4[88000] via P2P/IPC
n128-103-022:1565168:1565573 [2] NCCL INFO Channel 00 : 2[3d000] -> 1[1b000] via P2P/IPC
n128-103-022:1565173:1565574 [7] NCCL INFO Channel 05 : 7[b2000] -> 6[b1000] via P2P/IPC
n128-103-022:1565172:1565576 [6] NCCL INFO Channel 08 : 6[b1000] -> 4[88000] via P2P/IPC
n128-103-022:1565168:1565573 [2] NCCL INFO Channel 06 : 2[3d000] -> 1[1b000] via P2P/IPC
n128-103-022:1565173:1565574 [7] NCCL INFO Channel 06 : 7[b2000] -> 6[b1000] via P2P/IPC
n128-103-022:1565172:1565576 [6] NCCL INFO Channel 09 : 6[b1000] -> 4[88000] via P2P/IPC
n128-103-022:1565173:1565574 [7] NCCL INFO Channel 11 : 7[b2000] -> 6[b1000] via P2P/IPC
n128-103-022:1565171:1565579 [5] NCCL INFO Channel 00 : 5[89000] -> 4[88000] via P2P/IPC
n128-103-022:1565171:1565579 [5] NCCL INFO Channel 01 : 5[89000] -> 4[88000] via P2P/IPC
n128-103-022:1565171:1565579 [5] NCCL INFO Channel 06 : 5[89000] -> 4[88000] via P2P/IPC
n128-103-022:1565171:1565579 [5] NCCL INFO Channel 07 : 5[89000] -> 4[88000] via P2P/IPC
n128-103-022:1565169:1565577 [3] NCCL INFO Channel 00 : 3[3e000] -> 2[3d000] via P2P/IPC
n128-103-022:1565167:1565575 [1] NCCL INFO Channel 00 : 1[1b000] -> 0[1a000] via P2P/IPC
n128-103-022:1565169:1565577 [3] NCCL INFO Channel 01 : 3[3e000] -> 2[3d000] via P2P/IPC
n128-103-022:1565167:1565575 [1] NCCL INFO Channel 06 : 1[1b000] -> 0[1a000] via P2P/IPC
n128-103-022:1565170:1565572 [4] NCCL INFO Channel 00 : 4[88000] -> 3[3e000] via P2P/IPC
n128-103-022:1565172:1565576 [6] NCCL INFO Channel 00 : 6[b1000] -> 5[89000] via P2P/IPC
n128-103-022:1565169:1565577 [3] NCCL INFO Channel 06 : 3[3e000] -> 2[3d000] via P2P/IPC
n128-103-022:1565166:1565565 [0] NCCL INFO Connected all trees
n128-103-022:1565166:1565565 [0] NCCL INFO threadThresholds 8/8/64 | 64/8/64 | 8/8/512
n128-103-022:1565170:1565572 [4] NCCL INFO Channel 06 : 4[88000] -> 3[3e000] via P2P/IPC
n128-103-022:1565172:1565576 [6] NCCL INFO Channel 05 : 6[b1000] -> 5[89000] via P2P/IPC
n128-103-022:1565169:1565577 [3] NCCL INFO Channel 07 : 3[3e000] -> 2[3d000] via P2P/IPC
n128-103-022:1565167:1565575 [1] NCCL INFO Connected all trees
n128-103-022:1565167:1565575 [1] NCCL INFO threadThresholds 8/8/64 | 64/8/64 | 8/8/512
n128-103-022:1565172:1565576 [6] NCCL INFO Channel 06 : 6[b1000] -> 5[89000] via P2P/IPC
n128-103-022:1565172:1565576 [6] NCCL INFO Channel 11 : 6[b1000] -> 5[89000] via P2P/IPC
n128-103-022:1565166:1565565 [0] NCCL INFO 12 coll channels, 16 p2p channels, 2 p2p channels per peer
n128-103-022:1565167:1565575 [1] NCCL INFO 12 coll channels, 16 p2p channels, 2 p2p channels per peer
n128-103-022:1565170:1565572 [4] NCCL INFO Connected all trees
n128-103-022:1565170:1565572 [4] NCCL INFO threadThresholds 8/8/64 | 64/8/64 | 8/8/512
n128-103-022:1565168:1565573 [2] NCCL INFO Connected all trees
n128-103-022:1565168:1565573 [2] NCCL INFO threadThresholds 8/8/64 | 64/8/64 | 8/8/512
n128-103-022:1565169:1565577 [3] NCCL INFO Connected all trees
n128-103-022:1565169:1565577 [3] NCCL INFO threadThresholds 8/8/64 | 64/8/64 | 8/8/512
n128-103-022:1565173:1565574 [7] NCCL INFO Connected all trees
n128-103-022:1565173:1565574 [7] NCCL INFO threadThresholds 8/8/64 | 64/8/64 | 8/8/512
n128-103-022:1565170:1565572 [4] NCCL INFO 12 coll channels, 16 p2p channels, 2 p2p channels per peer
n128-103-022:1565168:1565573 [2] NCCL INFO 12 coll channels, 16 p2p channels, 2 p2p channels per peer
n128-103-022:1565169:1565577 [3] NCCL INFO 12 coll channels, 16 p2p channels, 2 p2p channels per peer
n128-103-022:1565173:1565574 [7] NCCL INFO 12 coll channels, 16 p2p channels, 2 p2p channels per peer
n128-103-022:1565171:1565579 [5] NCCL INFO Connected all trees
n128-103-022:1565171:1565579 [5] NCCL INFO threadThresholds 8/8/64 | 64/8/64 | 8/8/512
n128-103-022:1565172:1565576 [6] NCCL INFO Connected all trees
n128-103-022:1565172:1565576 [6] NCCL INFO threadThresholds 8/8/64 | 64/8/64 | 8/8/512
n128-103-022:1565168:1565573 [2] NCCL INFO Channel 02 : 2[3d000] -> 4[88000] via P2P/indirect/5[89000]
n128-103-022:1565173:1565574 [7] NCCL INFO Channel 02 : 7[b2000] -> 1[1b000] via P2P/indirect/6[b1000]
n128-103-022:1565169:1565577 [3] NCCL INFO Channel 02 : 3[3e000] -> 5[89000] via P2P/indirect/4[88000]
n128-103-022:1565168:1565573 [2] NCCL INFO Channel 10 : 2[3d000] -> 4[88000] via P2P/indirect/5[89000]
n128-103-022:1565173:1565574 [7] NCCL INFO Channel 10 : 7[b2000] -> 1[1b000] via P2P/indirect/6[b1000]
n128-103-022:1565171:1565579 [5] NCCL INFO 12 coll channels, 16 p2p channels, 2 p2p channels per peer
n128-103-022:1565172:1565576 [6] NCCL INFO 12 coll channels, 16 p2p channels, 2 p2p channels per peer
n128-103-022:1565169:1565577 [3] NCCL INFO Channel 10 : 3[3e000] -> 5[89000] via P2P/indirect/4[88000]
n128-103-022:1565167:1565575 [1] NCCL INFO Channel 03 : 1[1b000] -> 4[88000] via P2P/indirect/6[b1000]
n128-103-022:1565172:1565576 [6] NCCL INFO Channel 02 : 6[b1000] -> 0[1a000] via P2P/indirect/7[b2000]
n128-103-022:1565173:1565574 [7] NCCL INFO Channel 03 : 7[b2000] -> 2[3d000] via P2P/indirect/0[1a000]
n128-103-022:1565172:1565576 [6] NCCL INFO Channel 10 : 6[b1000] -> 0[1a000] via P2P/indirect/7[b2000]
n128-103-022:1565167:1565575 [1] NCCL INFO Channel 11 : 1[1b000] -> 4[88000] via P2P/indirect/6[b1000]
n128-103-022:1565173:1565574 [7] NCCL INFO Channel 11 : 7[b2000] -> 2[3d000] via P2P/indirect/0[1a000]
n128-103-022:1565169:1565577 [3] NCCL INFO Channel 03 : 3[3e000] -> 6[b1000] via P2P/indirect/1[1b000]
n128-103-022:1565171:1565579 [5] NCCL INFO Channel 03 : 5[89000] -> 0[1a000] via P2P/indirect/7[b2000]
n128-103-022:1565171:1565579 [5] NCCL INFO Channel 11 : 5[89000] -> 0[1a000] via P2P/indirect/7[b2000]
n128-103-022:1565169:1565577 [3] NCCL INFO Channel 11 : 3[3e000] -> 6[b1000] via P2P/indirect/1[1b000]
n128-103-022:1565167:1565575 [1] NCCL INFO Channel 04 : 1[1b000] -> 5[89000] via P2P/indirect/6[b1000]
n128-103-022:1565170:1565572 [4] NCCL INFO Channel 04 : 4[88000] -> 0[1a000] via P2P/indirect/7[b2000]
n128-103-022:1565167:1565575 [1] NCCL INFO Channel 12 : 1[1b000] -> 5[89000] via P2P/indirect/6[b1000]
n128-103-022:1565173:1565574 [7] NCCL INFO Channel 04 : 7[b2000] -> 3[3e000] via P2P/indirect/0[1a000]
n128-103-022:1565168:1565573 [2] NCCL INFO Channel 04 : 2[3d000] -> 6[b1000] via P2P/indirect/1[1b000]
n128-103-022:1565170:1565572 [4] NCCL INFO Channel 12 : 4[88000] -> 0[1a000] via P2P/indirect/7[b2000]
n128-103-022:1565168:1565573 [2] NCCL INFO Channel 12 : 2[3d000] -> 6[b1000] via P2P/indirect/1[1b000]
n128-103-022:1565173:1565574 [7] NCCL INFO Channel 12 : 7[b2000] -> 3[3e000] via P2P/indirect/0[1a000]
n128-103-022:1565172:1565576 [6] NCCL INFO Channel 04 : 6[b1000] -> 2[3d000] via P2P/indirect/5[89000]
n128-103-022:1565169:1565577 [3] NCCL INFO Channel 04 : 3[3e000] -> 7[b2000] via P2P/indirect/0[1a000]
n128-103-022:1565171:1565579 [5] NCCL INFO Channel 04 : 5[89000] -> 1[1b000] via P2P/indirect/6[b1000]
n128-103-022:1565166:1565565 [0] NCCL INFO Channel 04 : 0[1a000] -> 4[88000] via P2P/indirect/3[3e000]
n128-103-022:1565172:1565576 [6] NCCL INFO Channel 12 : 6[b1000] -> 2[3d000] via P2P/indirect/5[89000]
n128-103-022:1565169:1565577 [3] NCCL INFO Channel 12 : 3[3e000] -> 7[b2000] via P2P/indirect/0[1a000]
n128-103-022:1565171:1565579 [5] NCCL INFO Channel 12 : 5[89000] -> 1[1b000] via P2P/indirect/6[b1000]
n128-103-022:1565166:1565565 [0] NCCL INFO Channel 12 : 0[1a000] -> 4[88000] via P2P/indirect/3[3e000]
n128-103-022:1565172:1565576 [6] NCCL INFO Channel 05 : 6[b1000] -> 3[3e000] via P2P/indirect/1[1b000]
n128-103-022:1565168:1565573 [2] NCCL INFO Channel 05 : 2[3d000] -> 7[b2000] via P2P/indirect/0[1a000]
n128-103-022:1565170:1565572 [4] NCCL INFO Channel 05 : 4[88000] -> 1[1b000] via P2P/indirect/6[b1000]
n128-103-022:1565172:1565576 [6] NCCL INFO Channel 13 : 6[b1000] -> 3[3e000] via P2P/indirect/1[1b000]
n128-103-022:1565170:1565572 [4] NCCL INFO Channel 13 : 4[88000] -> 1[1b000] via P2P/indirect/6[b1000]
n128-103-022:1565170:1565572 [4] NCCL INFO Channel 06 : 4[88000] -> 2[3d000] via P2P/indirect/3[3e000]
n128-103-022:1565170:1565572 [4] NCCL INFO Channel 14 : 4[88000] -> 2[3d000] via P2P/indirect/3[3e000]
n128-103-022:1565166:1565565 [0] NCCL INFO Channel 05 : 0[1a000] -> 5[89000] via P2P/indirect/7[b2000]
n128-103-022:1565168:1565573 [2] NCCL INFO Channel 13 : 2[3d000] -> 7[b2000] via P2P/indirect/0[1a000]
n128-103-022:1565167:1565575 [1] NCCL INFO Channel 06 : 1[1b000] -> 7[b2000] via P2P/indirect/0[1a000]
n128-103-022:1565166:1565565 [0] NCCL INFO Channel 13 : 0[1a000] -> 5[89000] via P2P/indirect/7[b2000]
n128-103-022:1565167:1565575 [1] NCCL INFO Channel 14 : 1[1b000] -> 7[b2000] via P2P/indirect/0[1a000]
n128-103-022:1565171:1565579 [5] NCCL INFO Channel 06 : 5[89000] -> 3[3e000] via P2P/indirect/2[3d000]
n128-103-022:1565166:1565565 [0] NCCL INFO Channel 06 : 0[1a000] -> 6[b1000] via P2P/indirect/1[1b000]
n128-103-022:1565166:1565565 [0] NCCL INFO Channel 14 : 0[1a000] -> 6[b1000] via P2P/indirect/1[1b000]
n128-103-022:1565171:1565579 [5] NCCL INFO Channel 14 : 5[89000] -> 3[3e000] via P2P/indirect/2[3d000]
n128-103-022:1565166:1565565 [0] NCCL INFO comm 0x7f7564002f70 rank 0 nranks 8 cudaDev 0 busId 1a000 - Init COMPLETE
n128-103-022:1565167:1565575 [1] NCCL INFO comm 0x7ff7d4002f70 rank 1 nranks 8 cudaDev 1 busId 1b000 - Init COMPLETE
n128-103-022:1565172:1565576 [6] NCCL INFO comm 0x7fbbd4002f70 rank 6 nranks 8 cudaDev 6 busId b1000 - Init COMPLETE
n128-103-022:1565171:1565579 [5] NCCL INFO comm 0x7fdbf4002f70 rank 5 nranks 8 cudaDev 5 busId 89000 - Init COMPLETE
n128-103-022:1565170:1565572 [4] NCCL INFO comm 0x7f5354002f70 rank 4 nranks 8 cudaDev 4 busId 88000 - Init COMPLETE
n128-103-022:1565173:1565574 [7] NCCL INFO comm 0x7f3aac002f70 rank 7 nranks 8 cudaDev 7 busId b2000 - Init COMPLETE
n128-103-022:1565169:1565577 [3] NCCL INFO comm 0x7fea04002f70 rank 3 nranks 8 cudaDev 3 busId 3e000 - Init COMPLETE
n128-103-022:1565168:1565573 [2] NCCL INFO comm 0x7f543c002f70 rank 2 nranks 8 cudaDev 2 busId 3d000 - Init COMPLETE
n128-103-022:1565166:1565166 [0] NCCL INFO Launch mode Parallel
Use GPU: 0 for training
=> creating model 'resnet101'
Use GPU: 6 for training
=> creating model 'resnet101'
Use GPU: 2 for training
=> creating model 'resnet101'
Use GPU: 7 for training
=> creating model 'resnet101'
Use GPU: 4 for training
=> creating model 'resnet101'
Use GPU: 3 for training
=> creating model 'resnet101'
Use GPU: 5 for training
=> creating model 'resnet101'
Use GPU: 1 for training
=> creating model 'resnet101'
Epoch: [0][   0/1252]	Time  7.270 ( 7.270)	Data  3.192 ( 3.192)	Loss 7.1497e+00 (7.1497e+00)	Acc@1   0.78 (  0.78)	Acc@5   1.56 (  1.56)
Epoch: [0][  10/1252]	Time  0.702 ( 1.329)	Data  0.000 ( 0.291)	Loss 7.1531e+00 (7.0900e+00)	Acc@1   0.00 (  0.07)	Acc@5   1.56 (  0.64)
Epoch: [0][  20/1252]	Time  0.689 ( 1.032)	Data  0.000 ( 0.152)	Loss 7.0977e+00 (7.0837e+00)	Acc@1   0.00 (  0.04)	Acc@5   0.00 (  0.37)
Epoch: [0][  30/1252]	Time  0.687 ( 0.927)	Data  0.000 ( 0.103)	Loss 7.0767e+00 (7.0921e+00)	Acc@1   0.00 (  0.05)	Acc@5   0.00 (  0.35)
Epoch: [0][  40/1252]	Time  0.701 ( 0.873)	Data  0.000 ( 0.078)	Loss 6.9667e+00 (7.0853e+00)	Acc@1   0.78 (  0.10)	Acc@5   0.78 (  0.44)
Epoch: [0][  50/1252]	Time  0.703 ( 0.840)	Data  0.000 ( 0.063)	Loss 7.0871e+00 (7.0855e+00)	Acc@1   0.00 (  0.09)	Acc@5   0.78 (  0.47)
Epoch: [0][  60/1252]	Time  0.699 ( 0.817)	Data  0.000 ( 0.053)	Loss 7.1428e+00 (7.0870e+00)	Acc@1   0.00 (  0.08)	Acc@5   0.00 (  0.50)
Epoch: [0][  70/1252]	Time  0.701 ( 0.802)	Data  0.000 ( 0.045)	Loss 7.1573e+00 (7.0844e+00)	Acc@1   0.00 (  0.08)	Acc@5   0.00 (  0.50)
Epoch: [0][  80/1252]	Time  0.722 ( 0.790)	Data  0.000 ( 0.040)	Loss 7.0549e+00 (7.0827e+00)	Acc@1   0.78 (  0.09)	Acc@5   1.56 (  0.49)
Epoch: [0][  90/1252]	Time  0.709 ( 0.781)	Data  0.000 ( 0.035)	Loss 7.0655e+00 (7.0788e+00)	Acc@1   0.00 (  0.09)	Acc@5   0.00 (  0.47)
Epoch: [0][ 100/1252]	Time  0.709 ( 0.774)	Data  0.000 ( 0.032)	Loss 7.0222e+00 (7.0759e+00)	Acc@1   0.00 (  0.08)	Acc@5   0.00 (  0.44)
Epoch: [0][ 110/1252]	Time  0.695 ( 0.767)	Data  0.000 ( 0.029)	Loss 6.9755e+00 (7.0749e+00)	Acc@1   0.00 (  0.07)	Acc@5   0.78 (  0.45)
Epoch: [0][ 120/1252]	Time  0.702 ( 0.762)	Data  0.000 ( 0.027)	Loss 7.0146e+00 (7.0719e+00)	Acc@1   0.00 (  0.07)	Acc@5   0.78 (  0.47)
Epoch: [0][ 130/1252]	Time  0.702 ( 0.758)	Data  0.000 ( 0.025)	Loss 7.0175e+00 (7.0720e+00)	Acc@1   0.00 (  0.07)	Acc@5   0.00 (  0.48)
Epoch: [0][ 140/1252]	Time  0.709 ( 0.754)	Data  0.000 ( 0.023)	Loss 7.0586e+00 (7.0722e+00)	Acc@1   0.78 (  0.08)	Acc@5   1.56 (  0.49)
Epoch: [0][ 150/1252]	Time  0.736 ( 0.752)	Data  0.000 ( 0.022)	Loss 6.9967e+00 (7.0720e+00)	Acc@1   0.78 (  0.09)	Acc@5   1.56 (  0.50)
Epoch: [0][ 160/1252]	Time  0.688 ( 0.749)	Data  0.000 ( 0.020)	Loss 7.1174e+00 (7.0699e+00)	Acc@1   0.00 (  0.10)	Acc@5   0.78 (  0.50)
Epoch: [0][ 170/1252]	Time  0.705 ( 0.747)	Data  0.000 ( 0.019)	Loss 7.0675e+00 (7.0702e+00)	Acc@1   0.00 (  0.11)	Acc@5   0.78 (  0.51)
Epoch: [0][ 180/1252]	Time  0.714 ( 0.745)	Data  0.000 ( 0.018)	Loss 7.0611e+00 (7.0701e+00)	Acc@1   0.00 (  0.11)	Acc@5   0.78 (  0.50)
Epoch: [0][ 190/1252]	Time  0.706 ( 0.742)	Data  0.000 ( 0.017)	Loss 7.0691e+00 (7.0678e+00)	Acc@1   0.00 (  0.11)	Acc@5   0.00 (  0.51)
Epoch: [0][ 200/1252]	Time  0.689 ( 0.741)	Data  0.000 ( 0.016)	Loss 7.0646e+00 (7.0667e+00)	Acc@1   0.78 (  0.12)	Acc@5   0.78 (  0.51)
Epoch: [0][ 210/1252]	Time  0.707 ( 0.739)	Data  0.000 ( 0.016)	Loss 7.1126e+00 (7.0662e+00)	Acc@1   0.00 (  0.13)	Acc@5   0.00 (  0.50)
Epoch: [0][ 220/1252]	Time  0.700 ( 0.738)	Data  0.000 ( 0.015)	Loss 7.0774e+00 (7.0666e+00)	Acc@1   0.00 (  0.13)	Acc@5   0.78 (  0.50)
Epoch: [0][ 230/1252]	Time  0.705 ( 0.736)	Data  0.000 ( 0.014)	Loss 7.0565e+00 (7.0659e+00)	Acc@1   0.00 (  0.13)	Acc@5   0.78 (  0.51)
Epoch: [0][ 240/1252]	Time  0.709 ( 0.735)	Data  0.000 ( 0.014)	Loss 6.9808e+00 (7.0647e+00)	Acc@1   0.00 (  0.13)	Acc@5   0.00 (  0.51)
Epoch: [0][ 250/1252]	Time  0.710 ( 0.734)	Data  0.000 ( 0.013)	Loss 6.9960e+00 (7.0633e+00)	Acc@1   0.00 (  0.13)	Acc@5   0.78 (  0.50)
Epoch: [0][ 260/1252]	Time  0.704 ( 0.733)	Data  0.000 ( 0.013)	Loss 7.0947e+00 (7.0626e+00)	Acc@1   0.00 (  0.12)	Acc@5   0.00 (  0.49)
Epoch: [0][ 270/1252]	Time  0.694 ( 0.732)	Data  0.000 ( 0.012)	Loss 7.0560e+00 (7.0626e+00)	Acc@1   0.00 (  0.12)	Acc@5   0.00 (  0.49)
Epoch: [0][ 280/1252]	Time  0.705 ( 0.731)	Data  0.000 ( 0.012)	Loss 7.0941e+00 (7.0615e+00)	Acc@1   0.00 (  0.12)	Acc@5   0.00 (  0.48)
Epoch: [0][ 290/1252]	Time  0.734 ( 0.731)	Data  0.000 ( 0.011)	Loss 6.9811e+00 (7.0604e+00)	Acc@1   0.00 (  0.12)	Acc@5   0.00 (  0.49)
Epoch: [0][ 300/1252]	Time  0.691 ( 0.730)	Data  0.000 ( 0.011)	Loss 6.9905e+00 (7.0602e+00)	Acc@1   0.00 (  0.12)	Acc@5   0.00 (  0.49)
Epoch: [0][ 310/1252]	Time  0.708 ( 0.730)	Data  0.000 ( 0.011)	Loss 7.0597e+00 (7.0594e+00)	Acc@1   0.00 (  0.12)	Acc@5   0.00 (  0.48)
Epoch: [0][ 320/1252]	Time  0.709 ( 0.729)	Data  0.000 ( 0.010)	Loss 6.9950e+00 (7.0585e+00)	Acc@1   0.00 (  0.12)	Acc@5   0.78 (  0.49)
Epoch: [0][ 330/1252]	Time  0.700 ( 0.729)	Data  0.000 ( 0.010)	Loss 7.0346e+00 (7.0568e+00)	Acc@1   0.00 (  0.12)	Acc@5   1.56 (  0.51)
Epoch: [0][ 340/1252]	Time  0.711 ( 0.728)	Data  0.001 ( 0.010)	Loss 7.0504e+00 (7.0560e+00)	Acc@1   0.00 (  0.12)	Acc@5   0.78 (  0.51)
Epoch: [0][ 350/1252]	Time  0.702 ( 0.727)	Data  0.000 ( 0.010)	Loss 7.0422e+00 (7.0550e+00)	Acc@1   0.00 (  0.13)	Acc@5   2.34 (  0.53)
Epoch: [0][ 360/1252]	Time  0.723 ( 0.727)	Data  0.000 ( 0.009)	Loss 7.0148e+00 (7.0537e+00)	Acc@1   0.00 (  0.13)	Acc@5   0.78 (  0.53)
Epoch: [0][ 370/1252]	Time  0.708 ( 0.726)	Data  0.000 ( 0.009)	Loss 7.0349e+00 (7.0531e+00)	Acc@1   0.00 (  0.13)	Acc@5   0.00 (  0.52)
Epoch: [0][ 380/1252]	Time  0.709 ( 0.726)	Data  0.000 ( 0.009)	Loss 6.9417e+00 (7.0519e+00)	Acc@1   0.00 (  0.13)	Acc@5   0.00 (  0.52)
Epoch: [0][ 390/1252]	Time  0.702 ( 0.725)	Data  0.000 ( 0.009)	Loss 6.9772e+00 (7.0505e+00)	Acc@1   0.78 (  0.13)	Acc@5   1.56 (  0.53)
Epoch: [0][ 400/1252]	Time  0.717 ( 0.725)	Data  0.000 ( 0.008)	Loss 7.0471e+00 (7.0499e+00)	Acc@1   0.00 (  0.13)	Acc@5   0.78 (  0.54)
Epoch: [0][ 410/1252]	Time  0.725 ( 0.724)	Data  0.000 ( 0.008)	Loss 6.9943e+00 (7.0493e+00)	Acc@1   0.78 (  0.13)	Acc@5   1.56 (  0.55)
Epoch: [0][ 420/1252]	Time  0.699 ( 0.724)	Data  0.000 ( 0.008)	Loss 7.0210e+00 (7.0479e+00)	Acc@1   0.00 (  0.13)	Acc@5   0.00 (  0.55)
Epoch: [0][ 430/1252]	Time  0.709 ( 0.723)	Data  0.000 ( 0.008)	Loss 7.0289e+00 (7.0467e+00)	Acc@1   0.00 (  0.13)	Acc@5   0.00 (  0.55)
Epoch: [0][ 440/1252]	Time  0.700 ( 0.723)	Data  0.001 ( 0.008)	Loss 7.0101e+00 (7.0462e+00)	Acc@1   0.00 (  0.13)	Acc@5   0.00 (  0.55)
Epoch: [0][ 450/1252]	Time  0.702 ( 0.723)	Data  0.000 ( 0.008)	Loss 7.0271e+00 (7.0456e+00)	Acc@1   0.00 (  0.13)	Acc@5   1.56 (  0.55)
Epoch: [0][ 460/1252]	Time  0.716 ( 0.722)	Data  0.000 ( 0.007)	Loss 6.9728e+00 (7.0444e+00)	Acc@1   0.00 (  0.13)	Acc@5   0.78 (  0.56)
Epoch: [0][ 470/1252]	Time  0.703 ( 0.722)	Data  0.000 ( 0.007)	Loss 6.9336e+00 (7.0434e+00)	Acc@1   0.78 (  0.13)	Acc@5   1.56 (  0.56)
Epoch: [0][ 480/1252]	Time  0.711 ( 0.721)	Data  0.000 ( 0.007)	Loss 7.0004e+00 (7.0429e+00)	Acc@1   0.00 (  0.13)	Acc@5   0.00 (  0.56)
Epoch: [0][ 490/1252]	Time  0.703 ( 0.721)	Data  0.000 ( 0.007)	Loss 7.0082e+00 (7.0422e+00)	Acc@1   0.00 (  0.13)	Acc@5   0.78 (  0.56)
Epoch: [0][ 500/1252]	Time  0.709 ( 0.721)	Data  0.000 ( 0.007)	Loss 7.0315e+00 (7.0418e+00)	Acc@1   0.78 (  0.13)	Acc@5   0.78 (  0.56)
Epoch: [0][ 510/1252]	Time  0.714 ( 0.720)	Data  0.000 ( 0.007)	Loss 6.9449e+00 (7.0410e+00)	Acc@1   0.78 (  0.13)	Acc@5   1.56 (  0.56)
Epoch: [0][ 520/1252]	Time  0.721 ( 0.720)	Data  0.000 ( 0.007)	Loss 7.0037e+00 (7.0400e+00)	Acc@1   0.00 (  0.13)	Acc@5   1.56 (  0.57)
Epoch: [0][ 530/1252]	Time  0.705 ( 0.720)	Data  0.000 ( 0.006)	Loss 7.0589e+00 (7.0394e+00)	Acc@1   0.00 (  0.13)	Acc@5   0.00 (  0.56)
Epoch: [0][ 540/1252]	Time  0.700 ( 0.720)	Data  0.000 ( 0.006)	Loss 6.9468e+00 (7.0390e+00)	Acc@1   0.00 (  0.13)	Acc@5   1.56 (  0.57)
Epoch: [0][ 550/1252]	Time  0.710 ( 0.719)	Data  0.000 ( 0.006)	Loss 6.9935e+00 (7.0383e+00)	Acc@1   0.00 (  0.13)	Acc@5   0.00 (  0.56)
Epoch: [0][ 560/1252]	Time  0.706 ( 0.719)	Data  0.000 ( 0.006)	Loss 6.8978e+00 (7.0377e+00)	Acc@1   0.78 (  0.14)	Acc@5   0.78 (  0.56)
Epoch: [0][ 570/1252]	Time  0.690 ( 0.719)	Data  0.000 ( 0.006)	Loss 7.0333e+00 (7.0370e+00)	Acc@1   1.56 (  0.14)	Acc@5   2.34 (  0.57)
Epoch: [0][ 580/1252]	Time  0.700 ( 0.718)	Data  0.000 ( 0.006)	Loss 6.9746e+00 (7.0362e+00)	Acc@1   0.00 (  0.14)	Acc@5   0.78 (  0.57)
Epoch: [0][ 590/1252]	Time  0.711 ( 0.718)	Data  0.000 ( 0.006)	Loss 7.0068e+00 (7.0359e+00)	Acc@1   0.00 (  0.14)	Acc@5   0.78 (  0.57)
Epoch: [0][ 600/1252]	Time  0.714 ( 0.718)	Data  0.000 ( 0.006)	Loss 7.0104e+00 (7.0350e+00)	Acc@1   0.00 (  0.14)	Acc@5   0.00 (  0.57)
Epoch: [0][ 610/1252]	Time  0.720 ( 0.718)	Data  0.000 ( 0.006)	Loss 6.9983e+00 (7.0342e+00)	Acc@1   0.00 (  0.14)	Acc@5   0.00 (  0.57)
Epoch: [0][ 620/1252]	Time  0.732 ( 0.718)	Data  0.001 ( 0.006)	Loss 7.0028e+00 (7.0333e+00)	Acc@1   0.78 (  0.14)	Acc@5   0.78 (  0.57)
Epoch: [0][ 630/1252]	Time  0.734 ( 0.718)	Data  0.000 ( 0.005)	Loss 7.0049e+00 (7.0323e+00)	Acc@1   0.00 (  0.14)	Acc@5   1.56 (  0.57)
Epoch: [0][ 640/1252]	Time  0.704 ( 0.718)	Data  0.001 ( 0.005)	Loss 7.0700e+00 (7.0318e+00)	Acc@1   0.78 (  0.14)	Acc@5   0.78 (  0.57)
Epoch: [0][ 650/1252]	Time  0.713 ( 0.718)	Data  0.001 ( 0.005)	Loss 7.0133e+00 (7.0314e+00)	Acc@1   0.00 (  0.14)	Acc@5   0.78 (  0.58)
Epoch: [0][ 660/1252]	Time  0.706 ( 0.718)	Data  0.000 ( 0.005)	Loss 7.0061e+00 (7.0307e+00)	Acc@1   0.00 (  0.14)	Acc@5   1.56 (  0.59)
Epoch: [0][ 670/1252]	Time  0.712 ( 0.718)	Data  0.000 ( 0.005)	Loss 6.8877e+00 (7.0298e+00)	Acc@1   0.00 (  0.14)	Acc@5   0.00 (  0.59)
Epoch: [0][ 680/1252]	Time  0.702 ( 0.717)	Data  0.000 ( 0.005)	Loss 6.9958e+00 (7.0287e+00)	Acc@1   0.00 (  0.14)	Acc@5   1.56 (  0.60)
Epoch: [0][ 690/1252]	Time  0.705 ( 0.717)	Data  0.000 ( 0.005)	Loss 6.9870e+00 (7.0280e+00)	Acc@1   0.78 (  0.14)	Acc@5   0.78 (  0.60)
Epoch: [0][ 700/1252]	Time  0.706 ( 0.717)	Data  0.001 ( 0.005)	Loss 6.9901e+00 (7.0271e+00)	Acc@1   0.00 (  0.14)	Acc@5   0.00 (  0.60)
Epoch: [0][ 710/1252]	Time  0.699 ( 0.717)	Data  0.000 ( 0.005)	Loss 6.9678e+00 (7.0264e+00)	Acc@1   0.00 (  0.14)	Acc@5   0.00 (  0.59)
Epoch: [0][ 720/1252]	Time  0.700 ( 0.717)	Data  0.000 ( 0.005)	Loss 7.0058e+00 (7.0255e+00)	Acc@1   0.00 (  0.14)	Acc@5   0.00 (  0.59)
Epoch: [0][ 730/1252]	Time  0.702 ( 0.716)	Data  0.000 ( 0.005)	Loss 7.0012e+00 (7.0248e+00)	Acc@1   0.00 (  0.14)	Acc@5   0.00 (  0.59)
Epoch: [0][ 740/1252]	Time  0.689 ( 0.716)	Data  0.000 ( 0.005)	Loss 6.9773e+00 (7.0243e+00)	Acc@1   0.78 (  0.14)	Acc@5   0.78 (  0.60)
Epoch: [0][ 750/1252]	Time  0.704 ( 0.716)	Data  0.000 ( 0.005)	Loss 7.0164e+00 (7.0235e+00)	Acc@1   0.00 (  0.14)	Acc@5   0.00 (  0.60)
Epoch: [0][ 760/1252]	Time  0.709 ( 0.716)	Data  0.000 ( 0.005)	Loss 6.9984e+00 (7.0225e+00)	Acc@1   0.00 (  0.13)	Acc@5   0.00 (  0.60)
Epoch: [0][ 770/1252]	Time  0.700 ( 0.716)	Data  0.000 ( 0.005)	Loss 6.9406e+00 (7.0218e+00)	Acc@1   0.00 (  0.14)	Acc@5   0.78 (  0.60)
Epoch: [0][ 780/1252]	Time  0.702 ( 0.716)	Data  0.000 ( 0.005)	Loss 7.0198e+00 (7.0211e+00)	Acc@1   0.00 (  0.14)	Acc@5   0.00 (  0.60)
Epoch: [0][ 790/1252]	Time  0.703 ( 0.715)	Data  0.000 ( 0.004)	Loss 7.0249e+00 (7.0205e+00)	Acc@1   0.00 (  0.14)	Acc@5   0.00 (  0.60)
Epoch: [0][ 800/1252]	Time  0.715 ( 0.715)	Data  0.000 ( 0.004)	Loss 6.9092e+00 (7.0197e+00)	Acc@1   0.00 (  0.14)	Acc@5   0.78 (  0.60)
Epoch: [0][ 810/1252]	Time  0.709 ( 0.715)	Data  0.000 ( 0.004)	Loss 6.9316e+00 (7.0191e+00)	Acc@1   0.78 (  0.14)	Acc@5   0.78 (  0.60)
Epoch: [0][ 820/1252]	Time  0.724 ( 0.715)	Data  0.001 ( 0.004)	Loss 6.9483e+00 (7.0184e+00)	Acc@1   0.78 (  0.14)	Acc@5   1.56 (  0.61)
Epoch: [0][ 830/1252]	Time  0.707 ( 0.715)	Data  0.000 ( 0.004)	Loss 6.9859e+00 (7.0175e+00)	Acc@1   0.00 (  0.14)	Acc@5   2.34 (  0.61)
Epoch: [0][ 840/1252]	Time  0.718 ( 0.715)	Data  0.000 ( 0.004)	Loss 6.9520e+00 (7.0167e+00)	Acc@1   0.00 (  0.14)	Acc@5   0.78 (  0.61)
Epoch: [0][ 850/1252]	Time  0.703 ( 0.715)	Data  0.000 ( 0.004)	Loss 7.0352e+00 (7.0161e+00)	Acc@1   0.00 (  0.14)	Acc@5   0.78 (  0.62)
Epoch: [0][ 860/1252]	Time  0.704 ( 0.715)	Data  0.000 ( 0.004)	Loss 6.8998e+00 (7.0151e+00)	Acc@1   0.00 (  0.15)	Acc@5   0.78 (  0.63)
Epoch: [0][ 870/1252]	Time  0.712 ( 0.715)	Data  0.000 ( 0.004)	Loss 6.9888e+00 (7.0144e+00)	Acc@1   0.00 (  0.15)	Acc@5   1.56 (  0.63)
Epoch: [0][ 880/1252]	Time  0.713 ( 0.715)	Data  0.000 ( 0.004)	Loss 6.8830e+00 (7.0135e+00)	Acc@1   0.00 (  0.15)	Acc@5   0.78 (  0.63)
Epoch: [0][ 890/1252]	Time  0.708 ( 0.715)	Data  0.000 ( 0.004)	Loss 6.9361e+00 (7.0127e+00)	Acc@1   0.00 (  0.15)	Acc@5   0.78 (  0.63)
Epoch: [0][ 900/1252]	Time  0.706 ( 0.714)	Data  0.000 ( 0.004)	Loss 6.9533e+00 (7.0119e+00)	Acc@1   0.00 (  0.15)	Acc@5   0.00 (  0.63)
Epoch: [0][ 910/1252]	Time  0.709 ( 0.714)	Data  0.000 ( 0.004)	Loss 6.9300e+00 (7.0110e+00)	Acc@1   0.00 (  0.15)	Acc@5   0.78 (  0.64)
Epoch: [0][ 920/1252]	Time  0.704 ( 0.714)	Data  0.000 ( 0.004)	Loss 6.9353e+00 (7.0104e+00)	Acc@1   0.78 (  0.15)	Acc@5   0.78 (  0.64)
Epoch: [0][ 930/1252]	Time  0.703 ( 0.714)	Data  0.000 ( 0.004)	Loss 6.9310e+00 (7.0096e+00)	Acc@1   0.00 (  0.15)	Acc@5   0.78 (  0.64)
Epoch: [0][ 940/1252]	Time  0.716 ( 0.714)	Data  0.000 ( 0.004)	Loss 6.9215e+00 (7.0087e+00)	Acc@1   0.00 (  0.15)	Acc@5   0.78 (  0.64)
Epoch: [0][ 950/1252]	Time  0.716 ( 0.714)	Data  0.000 ( 0.004)	Loss 6.8730e+00 (7.0079e+00)	Acc@1   0.00 (  0.15)	Acc@5   0.00 (  0.64)
Epoch: [0][ 960/1252]	Time  0.720 ( 0.714)	Data  0.000 ( 0.004)	Loss 6.9794e+00 (7.0072e+00)	Acc@1   0.00 (  0.15)	Acc@5   0.00 (  0.64)
Epoch: [0][ 970/1252]	Time  0.702 ( 0.714)	Data  0.000 ( 0.004)	Loss 6.9418e+00 (7.0064e+00)	Acc@1   0.00 (  0.15)	Acc@5   0.00 (  0.64)
Epoch: [0][ 980/1252]	Time  0.708 ( 0.714)	Data  0.000 ( 0.004)	Loss 6.8892e+00 (7.0055e+00)	Acc@1   0.00 (  0.15)	Acc@5   1.56 (  0.64)
Epoch: [0][ 990/1252]	Time  0.695 ( 0.714)	Data  0.000 ( 0.004)	Loss 6.9210e+00 (7.0046e+00)	Acc@1   0.00 (  0.15)	Acc@5   0.78 (  0.64)
Epoch: [0][1000/1252]	Time  0.700 ( 0.714)	Data  0.001 ( 0.004)	Loss 6.8945e+00 (7.0037e+00)	Acc@1   0.00 (  0.15)	Acc@5   0.00 (  0.64)
Epoch: [0][1010/1252]	Time  0.704 ( 0.714)	Data  0.001 ( 0.004)	Loss 6.8771e+00 (7.0028e+00)	Acc@1   0.00 (  0.15)	Acc@5   0.78 (  0.64)
Epoch: [0][1020/1252]	Time  0.705 ( 0.714)	Data  0.001 ( 0.004)	Loss 6.9360e+00 (7.0021e+00)	Acc@1   0.78 (  0.15)	Acc@5   0.78 (  0.64)
Epoch: [0][1030/1252]	Time  0.704 ( 0.713)	Data  0.001 ( 0.004)	Loss 6.9600e+00 (7.0015e+00)	Acc@1   0.00 (  0.15)	Acc@5   0.00 (  0.64)
Epoch: [0][1040/1252]	Time  0.703 ( 0.713)	Data  0.001 ( 0.004)	Loss 6.9424e+00 (7.0007e+00)	Acc@1   0.00 (  0.15)	Acc@5   0.00 (  0.64)
Epoch: [0][1050/1252]	Time  0.703 ( 0.713)	Data  0.001 ( 0.003)	Loss 6.9182e+00 (6.9999e+00)	Acc@1   0.00 (  0.15)	Acc@5   0.78 (  0.65)
